2025-04-22 14:00:39,338 DEBUG cd frappe && python3 -m venv env
2025-04-22 14:00:43,171 DEBUG cd frappe && /home/ninah/Eval/erp/ERPNext-me/erp-git/frappe/env/bin/python -m pip install --quiet --upgrade pip
2025-04-22 14:00:46,823 DEBUG cd frappe && /home/ninah/Eval/erp/ERPNext-me/erp-git/frappe/env/bin/python -m pip install --quiet wheel
2025-04-22 14:00:48,764 LOG Getting frappe
2025-04-22 14:00:48,764 DEBUG cd frappe/apps && git clone https://github.com/frappe/frappe.git  --depth 1 --origin upstream
2025-04-22 14:01:31,937 LOG Installing frappe
2025-04-22 14:01:31,937 DEBUG cd /home/ninah/Eval/erp/ERPNext-me/erp-git/frappe && /home/ninah/Eval/erp/ERPNext-me/erp-git/frappe/env/bin/python -m pip install --quiet --upgrade -e /home/ninah/Eval/erp/ERPNext-me/erp-git/frappe/apps/frappe 
2025-04-22 14:02:24,483 DEBUG cd /home/ninah/Eval/erp/ERPNext-me/erp-git/frappe/apps/frappe && yarn install --check-files
2025-04-22 14:03:16,224 DEBUG cd frappe && bench build
2025-04-22 14:03:16,704 INFO /home/ninah/.local/bin/bench build
2025-04-22 14:04:32,432 LOG setting up backups
2025-04-22 14:04:32,495 LOG backups were set up
2025-04-22 14:04:32,496 INFO Bench frappe initialized
2025-04-22 14:05:06,964 INFO /home/ninah/.local/bin/bench start
2025-04-22 14:05:09,842 INFO /home/ninah/.local/bin/bench start
2025-04-22 14:07:45,213 INFO /home/ninah/.local/bin/bench start
2025-04-22 14:10:00,041 INFO /home/ninah/.local/bin/bench strat
2025-04-22 14:10:10,727 INFO /home/ninah/.local/bin/bench start
2025-04-22 14:10:11,468 INFO /home/ninah/.local/bin/bench watch
2025-04-22 14:10:11,473 INFO /home/ninah/.local/bin/bench serve --port 8000
2025-04-22 14:10:11,557 INFO /home/ninah/.local/bin/bench worker
2025-04-22 14:10:12,577 INFO /home/ninah/.local/bin/bench schedule
2025-04-22 14:10:57,134 INFO /home/ninah/.local/bin/bench new-site erpnext.localhost
2025-04-22 14:12:58,507 INFO /home/ninah/.local/bin/bench get-app https://github.com/frappe/erpnext
2025-04-22 14:12:58,522 LOG Getting erpnext
2025-04-22 14:12:58,522 DEBUG cd ./apps && git clone https://github.com/frappe/erpnext  --depth 1 --origin upstream
2025-04-22 14:13:08,639 LOG Installing erpnext
2025-04-22 14:13:08,641 DEBUG cd /home/ninah/Eval/erp/ERPNext-me/erp-git/frappe && /home/ninah/Eval/erp/ERPNext-me/erp-git/frappe/env/bin/python -m pip install --quiet --upgrade -e /home/ninah/Eval/erp/ERPNext-me/erp-git/frappe/apps/erpnext 
2025-04-22 14:13:22,576 DEBUG cd /home/ninah/Eval/erp/ERPNext-me/erp-git/frappe/apps/erpnext && yarn install --check-files
2025-04-22 14:13:23,498 DEBUG bench build --app erpnext
2025-04-22 14:13:23,878 INFO /home/ninah/.local/bin/bench build --app erpnext
2025-04-22 14:14:10,122 INFO /home/ninah/.local/bin/bench --site erpnext.localhost install-app erpnext
2025-04-22 14:16:04,868 INFO /home/ninah/.local/bin/bench start
2025-04-22 14:16:05,177 INFO /home/ninah/.local/bin/bench schedule
2025-04-22 14:16:05,222 INFO /home/ninah/.local/bin/bench serve --port 8000
2025-04-22 14:16:05,300 INFO /home/ninah/.local/bin/bench worker
2025-04-22 14:16:05,494 INFO /home/ninah/.local/bin/bench watch
2025-04-22 17:15:07,412 INFO /home/ninah/.local/bin/bench restart
2025-04-22 17:15:17,930 INFO /home/ninah/.local/bin/bench restart
2025-04-22 17:15:21,593 INFO /home/ninah/.local/bin/bench start
2025-04-22 17:15:21,925 INFO /home/ninah/.local/bin/bench schedule
2025-04-22 17:15:21,978 INFO /home/ninah/.local/bin/bench serve --port 8000
2025-04-22 17:15:22,017 INFO /home/ninah/.local/bin/bench worker
2025-04-22 17:15:22,056 INFO /home/ninah/.local/bin/bench watch
2025-04-22 17:17:31,924 INFO /home/ninah/.local/bin/bench restart
2025-04-22 17:17:36,451 INFO /home/ninah/.local/bin/bench start
2025-04-22 17:17:36,849 INFO /home/ninah/.local/bin/bench serve --port 8000
2025-04-22 17:17:36,927 INFO /home/ninah/.local/bin/bench worker
2025-04-22 17:17:36,960 INFO /home/ninah/.local/bin/bench watch
2025-04-22 17:17:36,961 INFO /home/ninah/.local/bin/bench schedule
2025-04-23 07:25:57,874 INFO /home/ninah/.local/bin/bench start
2025-04-23 07:25:58,213 INFO /home/ninah/.local/bin/bench schedule
2025-04-23 07:25:58,345 INFO /home/ninah/.local/bin/bench worker
2025-04-23 07:25:58,370 INFO /home/ninah/.local/bin/bench serve --port 8000
2025-04-23 07:25:58,502 INFO /home/ninah/.local/bin/bench watch
2025-04-23 07:51:04,395 INFO /home/ninah/.local/bin/bench restart
2025-04-23 07:51:06,502 INFO /home/ninah/.local/bin/bench start
2025-04-23 07:51:06,852 INFO /home/ninah/.local/bin/bench watch
2025-04-23 07:51:06,887 INFO /home/ninah/.local/bin/bench schedule
2025-04-23 07:51:06,954 INFO /home/ninah/.local/bin/bench worker
2025-04-23 07:51:06,961 INFO /home/ninah/.local/bin/bench serve --port 8000
2025-04-23 08:00:40,634 INFO /home/ninah/.local/bin/bench restart
2025-04-23 08:00:42,880 INFO /home/ninah/.local/bin/bench start
2025-04-23 08:00:43,220 INFO /home/ninah/.local/bin/bench schedule
2025-04-23 08:00:43,256 INFO /home/ninah/.local/bin/bench worker
2025-04-23 08:00:43,295 INFO /home/ninah/.local/bin/bench serve --port 8000
2025-04-23 08:00:43,335 INFO /home/ninah/.local/bin/bench watch
2025-04-23 08:21:06,374 INFO /home/ninah/.local/bin/bench console
2025-04-23 08:21:14,648 INFO /home/ninah/.local/bin/bench console
2025-04-23 12:00:01,367 INFO /home/ninah/.local/bin/bench --verbose --site all backup
2025-04-23 13:49:57,103 INFO /home/ninah/.local/bin/bench restart
2025-04-23 13:49:58,737 INFO /home/ninah/.local/bin/bench start
2025-04-23 13:49:59,139 INFO /home/ninah/.local/bin/bench watch
2025-04-23 13:49:59,150 INFO /home/ninah/.local/bin/bench worker
2025-04-23 13:49:59,174 INFO /home/ninah/.local/bin/bench schedule
2025-04-23 13:49:59,297 INFO /home/ninah/.local/bin/bench serve --port 8000
2025-04-23 14:02:20,914 INFO /home/ninah/.local/bin/bench reload
2025-04-23 14:02:25,347 INFO /home/ninah/.local/bin/bench start
2025-04-23 14:02:25,848 INFO /home/ninah/.local/bin/bench serve --port 8000
2025-04-23 14:02:25,866 INFO /home/ninah/.local/bin/bench schedule
2025-04-23 14:02:26,157 INFO /home/ninah/.local/bin/bench watch
2025-04-23 14:02:26,526 INFO /home/ninah/.local/bin/bench worker
2025-04-23 14:03:13,944 INFO /home/ninah/.local/bin/bench start
2025-04-23 14:03:14,345 INFO /home/ninah/.local/bin/bench schedule
2025-04-23 14:03:14,378 INFO /home/ninah/.local/bin/bench worker
2025-04-23 14:03:14,410 INFO /home/ninah/.local/bin/bench serve --port 8000
2025-04-23 14:03:14,460 INFO /home/ninah/.local/bin/bench watch
2025-04-23 15:11:49,654 INFO /home/ninah/.local/bin/bench start
2025-04-23 15:11:50,043 INFO /home/ninah/.local/bin/bench serve --port 8000
2025-04-23 15:11:50,049 INFO /home/ninah/.local/bin/bench schedule
2025-04-23 15:11:50,050 INFO /home/ninah/.local/bin/bench worker
2025-04-23 15:11:50,060 INFO /home/ninah/.local/bin/bench watch
2025-04-23 15:12:43,056 INFO /home/ninah/.local/bin/bench reload-doc erpnext integrations workspace
2025-04-23 15:13:44,319 INFO /home/ninah/.local/bin/bench --site erpnext.localhost reload-doc erpnext integrations workspace
2025-04-23 15:14:25,014 INFO /home/ninah/.local/bin/bench --site erpnext.localhost reload-doc erpnext_integrations workspace
2025-04-23 15:15:18,566 INFO /home/ninah/.local/bin/bench --site erpnext.localhost reload-doc erpnext_integrations workspace Eval-Perso
2025-04-23 15:15:35,578 INFO /home/ninah/.local/bin/bench --site erpnext.localhost clear-cache
2025-04-23 15:15:48,659 INFO /home/ninah/.local/bin/bench start
2025-04-23 15:15:49,384 INFO /home/ninah/.local/bin/bench watch
2025-04-23 15:15:49,578 INFO /home/ninah/.local/bin/bench worker
2025-04-23 15:15:49,695 INFO /home/ninah/.local/bin/bench serve --port 8000
2025-04-23 15:15:49,862 INFO /home/ninah/.local/bin/bench schedule
2025-04-23 15:34:34,069 INFO /home/ninah/.local/bin/bench start
2025-04-23 15:34:34,678 INFO /home/ninah/.local/bin/bench serve --port 8000
2025-04-23 15:34:35,529 INFO /home/ninah/.local/bin/bench schedule
2025-04-23 15:34:35,712 INFO /home/ninah/.local/bin/bench worker
2025-04-23 15:34:35,872 INFO /home/ninah/.local/bin/bench watch
2025-04-23 16:11:32,030 INFO /home/ninah/.local/bin/bench start
2025-04-23 16:11:32,627 INFO /home/ninah/.local/bin/bench schedule
2025-04-23 16:11:33,239 INFO /home/ninah/.local/bin/bench watch
2025-04-23 16:11:34,051 INFO /home/ninah/.local/bin/bench serve --port 8000
2025-04-23 16:11:34,199 INFO /home/ninah/.local/bin/bench worker
2025-04-23 16:53:56,670 INFO /home/ninah/.local/bin/bench start
2025-04-23 16:53:57,236 INFO /home/ninah/.local/bin/bench serve --port 8000
2025-04-23 16:53:57,262 INFO /home/ninah/.local/bin/bench schedule
2025-04-23 16:53:57,273 INFO /home/ninah/.local/bin/bench worker
2025-04-23 16:53:57,297 INFO /home/ninah/.local/bin/bench watch
2025-04-23 18:31:07,428 INFO /home/ninah/.local/bin/bench start
2025-04-23 18:31:07,763 INFO /home/ninah/.local/bin/bench schedule
2025-04-23 18:31:07,828 INFO /home/ninah/.local/bin/bench worker
2025-04-23 18:31:07,831 INFO /home/ninah/.local/bin/bench serve --port 8000
2025-04-23 18:31:07,836 INFO /home/ninah/.local/bin/bench watch
2025-04-24 07:45:38,290 INFO /home/ninah/.local/bin/bench start
2025-04-24 07:45:38,637 INFO /home/ninah/.local/bin/bench watch
2025-04-24 07:45:38,669 INFO /home/ninah/.local/bin/bench worker
2025-04-24 07:45:38,740 INFO /home/ninah/.local/bin/bench serve --port 8000
2025-04-24 07:45:38,777 INFO /home/ninah/.local/bin/bench schedule
